User connected: 10 (etudiant) - socket ac-xSnWCUNUlSaqtAAAB
User connected: ce23047a-8093-436c-9e97-3f3f11477922 (admin) - socket cUftQEs4qAROmAHDAAAD
User connected: ce23047a-8093-436c-9e97-3f3f11477922 (admin) - socket Dg9QpmFW9NjtXjIvAAAF
User connected: 10 (etudiant) - socket 24cv8wUqGOMIcXvKAAAH
User connected: 11 (etudiant) - socket 3zWsloVwYyTk5cmFAAAJ
Auth Error: No cookie header
User connected: 11 (etudiant) - socket CdkCt3iUDdmjKyghAAAN
User connected: 1 (enseignant) - socket dD28pGA9Nt-VOzI1AAAB
User connected: 1 (enseignant) - socket Q-3crKPptLtHqwbSAAAD
User connected: 11 (etudiant) - socket iXmwmwSbCO2sPNxEAAAF
User connected: 11 (etudiant) - socket CiSbw_1CPihriPVtAAAH
User connected: 1 (enseignant) - socket BIGcFKc1ltHcERN0AAAB
Auth Error: No cookie header
User connected: 1 (enseignant) - socket A-3P1S6TlNBnx_N6AAAB
User connected: 1 (enseignant) - socket iCwaKUm0q1X3fs9PAAAD
User connected: 11 (etudiant) - socket u2skM6GgwOG9GAn_AAAF
User connected: 1 (enseignant) - socket AA1_X9Rslt-nN2wsAAAH
User connected: 1 (enseignant) - socket 0TShrJTaQnTq_dgUAAAB
User connected: 1 (enseignant) - socket -wXio_aQ7edzTqohAAAD
Auth Error: No cookie header
User connected: 10 (etudiant) - socket 1DVBlBFXdABQb14iAAAH
User connected: 11 (etudiant) - socket WImfxhKuftiipVpcAAAJ
User connected: 11 (etudiant) - socket bv_i1gPiRI35g95QAAAL
User connected: 11 (etudiant) - socket ETnv9QnwGSPoU2pPAAAN
User connected: 10 (etudiant) - socket nm7sygDpKvZ_2MI9AAAP
User connected: 1 (enseignant) - socket z5cTGCLm49l7w1uaAAAR
User connected: 1 (enseignant) - socket Uw6TpLSPPmcYb4aGAAAT
User connected: 1 (enseignant) - socket 3sFoi4fWJUYPp6onAAAV
User connected: 10 (etudiant) - socket ISSmh5E9dWdwAo_1AAAX
User connected: 10 (etudiant) - socket w_YMJE-N0zNVzBtbAAAZ
User connected: 10 (etudiant) - socket PI2icS2zXSl0m2y9AAAb
User connected: 11 (etudiant) - socket Wl5Pqrzl3iLexcrRAAAd
User connected: 10 (etudiant) - socket 4FG1tSpy8yVsHiSmAAAf
User connected: 11 (etudiant) - socket t7yld3XDwLSnPjt8AAAh
User connected: 10 (etudiant) - socket koooP3MmYkYKRIRTAAAj
User connected: 11 (etudiant) - socket m3oMZGeRQzw1hL_eAAAl
User connected: 11 (etudiant) - socket WLwmrRhKGJfXJ9AIAAAn
User connected: 11 (etudiant) - socket A6MUqnVuktT_Ts8JAAAp
User connected: 11 (etudiant) - socket uc5FBJ7qPm79OsRvAAAr
User connected: 10 (etudiant) - socket 5gQex0M2hnpbBaPJAAAt
User connected: 10 (etudiant) - socket TI9YJ9_DY36ndMGuAAAv
User connected: 11 (etudiant) - socket rpYKWa6XoBrBdEh_AAAx
User connected: 11 (etudiant) - socket WLjRzOWHqpsIOIUFAAAz
User connected: 10 (etudiant) - socket y-0dKj5N5J0WhHxzAAAB
User connected: 10 (etudiant) - socket 2v94jwbXfuuchh4qAAAB
User connected: 10 (etudiant) - socket 2s_QrbsAV00WHOfxAAAB
User connected: 10 (etudiant) - socket MjEkRU47E50PUnpvAAAD
User connected: 10 (etudiant) - socket nW1MfKbYvPMBbnSbAAAB
User connected: 10 (etudiant) - socket 8T6svH83edynea_TAAAD
